// Jest Snapshot v1, https://goo.gl/fbAQLP

exports[`q.run it should print message: test use succes 1`] = `"test use succes"`;
